Analysis & Synthesis report for I2C_maquina_estado
Wed Nov 05 20:24:43 2025
Quartus II 64-Bit Version 13.0.1 Build 232 06/12/2013 Service Pack 1 SJ Web Edition


---------------------
; Table of Contents ;
---------------------
  1. Legal Notice
  2. Analysis & Synthesis Summary
  3. Analysis & Synthesis Settings
  4. Parallel Compilation
  5. Analysis & Synthesis Source Files Read
  6. Analysis & Synthesis Resource Usage Summary
  7. Analysis & Synthesis Resource Utilization by Entity
  8. Analysis & Synthesis IP Cores Summary
  9. State Machine - |bloque_maquina_estado|I2C_maquina_estado:inst|fstate
 10. General Register Statistics
 11. Parameter Settings for User Entity Instance: contador7:inst4|lpm_counter:LPM_COUNTER_component
 12. Parameter Settings for User Entity Instance: Comprardor:inst8|lpm_compare:LPM_COMPARE_component
 13. Parameter Settings for User Entity Instance: registro7:inst13|lpm_shiftreg:LPM_SHIFTREG_component
 14. Parameter Settings for User Entity Instance: registro7:DIRECCION|lpm_shiftreg:LPM_SHIFTREG_component
 15. Parameter Settings for User Entity Instance: contador_8:inst12|lpm_counter:LPM_COUNTER_component
 16. Parameter Settings for User Entity Instance: registro8:inst14|lpm_shiftreg:LPM_SHIFTREG_component
 17. lpm_shiftreg Parameter Settings by Entity Instance
 18. Elapsed Time Per Partition
 19. Analysis & Synthesis Messages



----------------
; Legal Notice ;
----------------
Copyright (C) 1991-2013 Altera Corporation
Your use of Altera Corporation's design tools, logic functions 
and other software and tools, and its AMPP partner logic 
functions, and any output files from any of the foregoing 
(including device programming or simulation files), and any 
associated documentation or information are expressly subject 
to the terms and conditions of the Altera Program License 
Subscription Agreement, Altera MegaCore Function License 
Agreement, or other applicable license agreement, including, 
without limitation, that your use is for the sole purpose of 
programming logic devices manufactured by Altera and sold by 
Altera or its authorized distributors.  Please refer to the 
applicable agreement for further details.



+--------------------------------------------------------------------------------------+
; Analysis & Synthesis Summary                                                         ;
+------------------------------------+-------------------------------------------------+
; Analysis & Synthesis Status        ; Successful - Wed Nov 05 20:24:43 2025           ;
; Quartus II 64-Bit Version          ; 13.0.1 Build 232 06/12/2013 SP 1 SJ Web Edition ;
; Revision Name                      ; I2C_maquina_estado                              ;
; Top-level Entity Name              ; bloque_maquina_estado                           ;
; Family                             ; Cyclone III                                     ;
; Total logic elements               ; 50                                              ;
;     Total combinational functions  ; 28                                              ;
;     Dedicated logic registers      ; 34                                              ;
; Total registers                    ; 34                                              ;
; Total pins                         ; 28                                              ;
; Total virtual pins                 ; 0                                               ;
; Total memory bits                  ; 0                                               ;
; Embedded Multiplier 9-bit elements ; 0                                               ;
; Total PLLs                         ; 0                                               ;
+------------------------------------+-------------------------------------------------+


+-------------------------------------------------------------------------------------------------------------------------+
; Analysis & Synthesis Settings                                                                                           ;
+----------------------------------------------------------------------------+-----------------------+--------------------+
; Option                                                                     ; Setting               ; Default Value      ;
+----------------------------------------------------------------------------+-----------------------+--------------------+
; Device                                                                     ; EP3C120F780C7         ;                    ;
; Top-level entity name                                                      ; bloque_maquina_estado ; I2C_maquina_estado ;
; Family name                                                                ; Cyclone III           ; Cyclone IV GX      ;
; Use smart compilation                                                      ; Off                   ; Off                ;
; Enable parallel Assembler and TimeQuest Timing Analyzer during compilation ; On                    ; On                 ;
; Enable compact report table                                                ; Off                   ; Off                ;
; Restructure Multiplexers                                                   ; Auto                  ; Auto               ;
; Create Debugging Nodes for IP Cores                                        ; Off                   ; Off                ;
; Preserve fewer node names                                                  ; On                    ; On                 ;
; Disable OpenCore Plus hardware evaluation                                  ; Off                   ; Off                ;
; Verilog Version                                                            ; Verilog_2001          ; Verilog_2001       ;
; VHDL Version                                                               ; VHDL_1993             ; VHDL_1993          ;
; State Machine Processing                                                   ; Auto                  ; Auto               ;
; Safe State Machine                                                         ; Off                   ; Off                ;
; Extract Verilog State Machines                                             ; On                    ; On                 ;
; Extract VHDL State Machines                                                ; On                    ; On                 ;
; Ignore Verilog initial constructs                                          ; Off                   ; Off                ;
; Iteration limit for constant Verilog loops                                 ; 5000                  ; 5000               ;
; Iteration limit for non-constant Verilog loops                             ; 250                   ; 250                ;
; Add Pass-Through Logic to Inferred RAMs                                    ; On                    ; On                 ;
; Infer RAMs from Raw Logic                                                  ; On                    ; On                 ;
; Parallel Synthesis                                                         ; On                    ; On                 ;
; DSP Block Balancing                                                        ; Auto                  ; Auto               ;
; NOT Gate Push-Back                                                         ; On                    ; On                 ;
; Power-Up Don't Care                                                        ; On                    ; On                 ;
; Remove Redundant Logic Cells                                               ; Off                   ; Off                ;
; Remove Duplicate Registers                                                 ; On                    ; On                 ;
; Ignore CARRY Buffers                                                       ; Off                   ; Off                ;
; Ignore CASCADE Buffers                                                     ; Off                   ; Off                ;
; Ignore GLOBAL Buffers                                                      ; Off                   ; Off                ;
; Ignore ROW GLOBAL Buffers                                                  ; Off                   ; Off                ;
; Ignore LCELL Buffers                                                       ; Off                   ; Off                ;
; Ignore SOFT Buffers                                                        ; On                    ; On                 ;
; Limit AHDL Integers to 32 Bits                                             ; Off                   ; Off                ;
; Optimization Technique                                                     ; Balanced              ; Balanced           ;
; Carry Chain Length                                                         ; 70                    ; 70                 ;
; Auto Carry Chains                                                          ; On                    ; On                 ;
; Auto Open-Drain Pins                                                       ; On                    ; On                 ;
; Perform WYSIWYG Primitive Resynthesis                                      ; Off                   ; Off                ;
; Auto ROM Replacement                                                       ; On                    ; On                 ;
; Auto RAM Replacement                                                       ; On                    ; On                 ;
; Auto DSP Block Replacement                                                 ; On                    ; On                 ;
; Auto Shift Register Replacement                                            ; Auto                  ; Auto               ;
; Allow Shift Register Merging across Hierarchies                            ; Auto                  ; Auto               ;
; Auto Clock Enable Replacement                                              ; On                    ; On                 ;
; Strict RAM Replacement                                                     ; Off                   ; Off                ;
; Allow Synchronous Control Signals                                          ; On                    ; On                 ;
; Force Use of Synchronous Clear Signals                                     ; Off                   ; Off                ;
; Auto RAM Block Balancing                                                   ; On                    ; On                 ;
; Auto RAM to Logic Cell Conversion                                          ; Off                   ; Off                ;
; Auto Resource Sharing                                                      ; Off                   ; Off                ;
; Allow Any RAM Size For Recognition                                         ; Off                   ; Off                ;
; Allow Any ROM Size For Recognition                                         ; Off                   ; Off                ;
; Allow Any Shift Register Size For Recognition                              ; Off                   ; Off                ;
; Use LogicLock Constraints during Resource Balancing                        ; On                    ; On                 ;
; Ignore translate_off and synthesis_off directives                          ; Off                   ; Off                ;
; Timing-Driven Synthesis                                                    ; On                    ; On                 ;
; Report Parameter Settings                                                  ; On                    ; On                 ;
; Report Source Assignments                                                  ; On                    ; On                 ;
; Report Connectivity Checks                                                 ; On                    ; On                 ;
; Ignore Maximum Fan-Out Assignments                                         ; Off                   ; Off                ;
; Synchronization Register Chain Length                                      ; 2                     ; 2                  ;
; PowerPlay Power Optimization                                               ; Normal compilation    ; Normal compilation ;
; HDL message level                                                          ; Level2                ; Level2             ;
; Suppress Register Optimization Related Messages                            ; Off                   ; Off                ;
; Number of Removed Registers Reported in Synthesis Report                   ; 5000                  ; 5000               ;
; Number of Swept Nodes Reported in Synthesis Report                         ; 5000                  ; 5000               ;
; Number of Inverted Registers Reported in Synthesis Report                  ; 100                   ; 100                ;
; Clock MUX Protection                                                       ; On                    ; On                 ;
; Auto Gated Clock Conversion                                                ; Off                   ; Off                ;
; Block Design Naming                                                        ; Auto                  ; Auto               ;
; SDC constraint protection                                                  ; Off                   ; Off                ;
; Synthesis Effort                                                           ; Auto                  ; Auto               ;
; Shift Register Replacement - Allow Asynchronous Clear Signal               ; On                    ; On                 ;
; Pre-Mapping Resynthesis Optimization                                       ; Off                   ; Off                ;
; Analysis & Synthesis Message Level                                         ; Medium                ; Medium             ;
; Disable Register Merging Across Hierarchies                                ; Auto                  ; Auto               ;
; Resource Aware Inference For Block RAM                                     ; On                    ; On                 ;
; Synthesis Seed                                                             ; 1                     ; 1                  ;
+----------------------------------------------------------------------------+-----------------------+--------------------+


Parallel compilation was disabled, but you have multiple processors available. Enable parallel compilation to reduce compilation time.
+-------------------------------------+
; Parallel Compilation                ;
+----------------------------+--------+
; Processors                 ; Number ;
+----------------------------+--------+
; Number detected on machine ; 4      ;
; Maximum allowed            ; 1      ;
+----------------------------+--------+


+-------------------------------------------------------------------------------------------------------------------------------------------------------------------------------+
; Analysis & Synthesis Source Files Read                                                                                                                                        ;
+----------------------------------+-----------------+------------------------------------+---------------------------------------------------------------------------+---------+
; File Name with User-Entered Path ; Used in Netlist ; File Type                          ; File Name with Absolute Path                                              ; Library ;
+----------------------------------+-----------------+------------------------------------+---------------------------------------------------------------------------+---------+
; bloque_maquina_estado.bdf        ; yes             ; User Block Diagram/Schematic File  ; C:/Users/toni/Desktop/Proyectos/Carpeta_F/bloque_maquina_estado.bdf       ;         ;
; i2c_maquina_estado.vhd           ; yes             ; Auto-Found VHDL File               ; C:/Users/toni/Desktop/Proyectos/Carpeta_F/i2c_maquina_estado.vhd          ;         ;
; contador7.vhd                    ; yes             ; Auto-Found Wizard-Generated File   ; C:/Users/toni/Desktop/Proyectos/Carpeta_F/contador7.vhd                   ;         ;
; lpm_counter.tdf                  ; yes             ; Megafunction                       ; c:/altera/13.0sp1/quartus/libraries/megafunctions/lpm_counter.tdf         ;         ;
; lpm_constant.inc                 ; yes             ; Megafunction                       ; c:/altera/13.0sp1/quartus/libraries/megafunctions/lpm_constant.inc        ;         ;
; lpm_decode.inc                   ; yes             ; Megafunction                       ; c:/altera/13.0sp1/quartus/libraries/megafunctions/lpm_decode.inc          ;         ;
; lpm_add_sub.inc                  ; yes             ; Megafunction                       ; c:/altera/13.0sp1/quartus/libraries/megafunctions/lpm_add_sub.inc         ;         ;
; cmpconst.inc                     ; yes             ; Megafunction                       ; c:/altera/13.0sp1/quartus/libraries/megafunctions/cmpconst.inc            ;         ;
; lpm_compare.inc                  ; yes             ; Megafunction                       ; c:/altera/13.0sp1/quartus/libraries/megafunctions/lpm_compare.inc         ;         ;
; lpm_counter.inc                  ; yes             ; Megafunction                       ; c:/altera/13.0sp1/quartus/libraries/megafunctions/lpm_counter.inc         ;         ;
; dffeea.inc                       ; yes             ; Megafunction                       ; c:/altera/13.0sp1/quartus/libraries/megafunctions/dffeea.inc              ;         ;
; alt_counter_stratix.inc          ; yes             ; Megafunction                       ; c:/altera/13.0sp1/quartus/libraries/megafunctions/alt_counter_stratix.inc ;         ;
; aglobal130.inc                   ; yes             ; Megafunction                       ; c:/altera/13.0sp1/quartus/libraries/megafunctions/aglobal130.inc          ;         ;
; db/cntr_tki.tdf                  ; yes             ; Auto-Generated Megafunction        ; C:/Users/toni/Desktop/Proyectos/Carpeta_F/db/cntr_tki.tdf                 ;         ;
; comprardor.vhd                   ; yes             ; Auto-Found Wizard-Generated File   ; C:/Users/toni/Desktop/Proyectos/Carpeta_F/comprardor.vhd                  ;         ;
; lpm_compare.tdf                  ; yes             ; Megafunction                       ; c:/altera/13.0sp1/quartus/libraries/megafunctions/lpm_compare.tdf         ;         ;
; comptree.inc                     ; yes             ; Megafunction                       ; c:/altera/13.0sp1/quartus/libraries/megafunctions/comptree.inc            ;         ;
; altshift.inc                     ; yes             ; Megafunction                       ; c:/altera/13.0sp1/quartus/libraries/megafunctions/altshift.inc            ;         ;
; db/cmpr_lkg.tdf                  ; yes             ; Auto-Generated Megafunction        ; C:/Users/toni/Desktop/Proyectos/Carpeta_F/db/cmpr_lkg.tdf                 ;         ;
; registro7.vhd                    ; yes             ; Auto-Found Wizard-Generated File   ; C:/Users/toni/Desktop/Proyectos/Carpeta_F/registro7.vhd                   ;         ;
; lpm_shiftreg.tdf                 ; yes             ; Megafunction                       ; c:/altera/13.0sp1/quartus/libraries/megafunctions/lpm_shiftreg.tdf        ;         ;
; contador_8.vhd                   ; yes             ; Auto-Found Wizard-Generated File   ; C:/Users/toni/Desktop/Proyectos/Carpeta_F/contador_8.vhd                  ;         ;
; db/cntr_5vj.tdf                  ; yes             ; Auto-Generated Megafunction        ; C:/Users/toni/Desktop/Proyectos/Carpeta_F/db/cntr_5vj.tdf                 ;         ;
; db/cmpr_hfc.tdf                  ; yes             ; Auto-Generated Megafunction        ; C:/Users/toni/Desktop/Proyectos/Carpeta_F/db/cmpr_hfc.tdf                 ;         ;
; registro8.vhd                    ; yes             ; Auto-Found Wizard-Generated File   ; C:/Users/toni/Desktop/Proyectos/Carpeta_F/registro8.vhd                   ;         ;
+----------------------------------+-----------------+------------------------------------+---------------------------------------------------------------------------+---------+


+-----------------------------------------------------------+
; Analysis & Synthesis Resource Usage Summary               ;
+---------------------------------------------+-------------+
; Resource                                    ; Usage       ;
+---------------------------------------------+-------------+
; Estimated Total logic elements              ; 50          ;
;                                             ;             ;
; Total combinational functions               ; 28          ;
; Logic element usage by number of LUT inputs ;             ;
;     -- 4 input functions                    ; 11          ;
;     -- 3 input functions                    ; 3           ;
;     -- <=2 input functions                  ; 14          ;
;                                             ;             ;
; Logic elements by mode                      ;             ;
;     -- normal mode                          ; 21          ;
;     -- arithmetic mode                      ; 7           ;
;                                             ;             ;
; Total registers                             ; 34          ;
;     -- Dedicated logic registers            ; 34          ;
;     -- I/O registers                        ; 0           ;
;                                             ;             ;
; I/O pins                                    ; 28          ;
; Embedded Multiplier 9-bit elements          ; 0           ;
; Maximum fan-out node                        ; reset~input ;
; Maximum fan-out                             ; 22          ;
; Total fan-out                               ; 226         ;
; Average fan-out                             ; 1.90        ;
+---------------------------------------------+-------------+


+--------------------------------------------------------------------------------------------------------------------------------------------------------------------------------------------------------------------------------------------------------------------------------------------+
; Analysis & Synthesis Resource Utilization by Entity                                                                                                                                                                                                                                        ;
+---------------------------------------------+-------------------+--------------+-------------+--------------+---------+-----------+------+--------------+-------------------------------------------------------------------------------------------------------------------+--------------+
; Compilation Hierarchy Node                  ; LC Combinationals ; LC Registers ; Memory Bits ; DSP Elements ; DSP 9x9 ; DSP 18x18 ; Pins ; Virtual Pins ; Full Hierarchy Name                                                                                               ; Library Name ;
+---------------------------------------------+-------------------+--------------+-------------+--------------+---------+-----------+------+--------------+-------------------------------------------------------------------------------------------------------------------+--------------+
; |bloque_maquina_estado                      ; 28 (3)            ; 34 (0)       ; 0           ; 0            ; 0       ; 0         ; 28   ; 0            ; |bloque_maquina_estado                                                                                            ; work         ;
;    |Comprardor:inst8|                       ; 5 (0)             ; 0 (0)        ; 0           ; 0            ; 0       ; 0         ; 0    ; 0            ; |bloque_maquina_estado|Comprardor:inst8                                                                           ; work         ;
;       |lpm_compare:LPM_COMPARE_component|   ; 5 (0)             ; 0 (0)        ; 0           ; 0            ; 0       ; 0         ; 0    ; 0            ; |bloque_maquina_estado|Comprardor:inst8|lpm_compare:LPM_COMPARE_component                                         ; work         ;
;          |cmpr_lkg:auto_generated|          ; 5 (5)             ; 0 (0)        ; 0           ; 0            ; 0       ; 0         ; 0    ; 0            ; |bloque_maquina_estado|Comprardor:inst8|lpm_compare:LPM_COMPARE_component|cmpr_lkg:auto_generated                 ; work         ;
;    |I2C_maquina_estado:inst|                ; 9 (9)             ; 5 (5)        ; 0           ; 0            ; 0       ; 0         ; 0    ; 0            ; |bloque_maquina_estado|I2C_maquina_estado:inst                                                                    ; work         ;
;    |contador7:inst4|                        ; 4 (0)             ; 3 (0)        ; 0           ; 0            ; 0       ; 0         ; 0    ; 0            ; |bloque_maquina_estado|contador7:inst4                                                                            ; work         ;
;       |lpm_counter:LPM_COUNTER_component|   ; 4 (0)             ; 3 (0)        ; 0           ; 0            ; 0       ; 0         ; 0    ; 0            ; |bloque_maquina_estado|contador7:inst4|lpm_counter:LPM_COUNTER_component                                          ; work         ;
;          |cntr_tki:auto_generated|          ; 4 (4)             ; 3 (3)        ; 0           ; 0            ; 0       ; 0         ; 0    ; 0            ; |bloque_maquina_estado|contador7:inst4|lpm_counter:LPM_COUNTER_component|cntr_tki:auto_generated                  ; work         ;
;    |contador_8:inst12|                      ; 7 (0)             ; 4 (0)        ; 0           ; 0            ; 0       ; 0         ; 0    ; 0            ; |bloque_maquina_estado|contador_8:inst12                                                                          ; work         ;
;       |lpm_counter:LPM_COUNTER_component|   ; 7 (0)             ; 4 (0)        ; 0           ; 0            ; 0       ; 0         ; 0    ; 0            ; |bloque_maquina_estado|contador_8:inst12|lpm_counter:LPM_COUNTER_component                                        ; work         ;
;          |cntr_5vj:auto_generated|          ; 7 (6)             ; 4 (4)        ; 0           ; 0            ; 0       ; 0         ; 0    ; 0            ; |bloque_maquina_estado|contador_8:inst12|lpm_counter:LPM_COUNTER_component|cntr_5vj:auto_generated                ; work         ;
;             |cmpr_hfc:cmpr1|                ; 1 (1)             ; 0 (0)        ; 0           ; 0            ; 0       ; 0         ; 0    ; 0            ; |bloque_maquina_estado|contador_8:inst12|lpm_counter:LPM_COUNTER_component|cntr_5vj:auto_generated|cmpr_hfc:cmpr1 ; work         ;
;    |registro7:DIRECCION|                    ; 0 (0)             ; 7 (0)        ; 0           ; 0            ; 0       ; 0         ; 0    ; 0            ; |bloque_maquina_estado|registro7:DIRECCION                                                                        ; work         ;
;       |lpm_shiftreg:LPM_SHIFTREG_component| ; 0 (0)             ; 7 (7)        ; 0           ; 0            ; 0       ; 0         ; 0    ; 0            ; |bloque_maquina_estado|registro7:DIRECCION|lpm_shiftreg:LPM_SHIFTREG_component                                    ; work         ;
;    |registro7:inst13|                       ; 0 (0)             ; 7 (0)        ; 0           ; 0            ; 0       ; 0         ; 0    ; 0            ; |bloque_maquina_estado|registro7:inst13                                                                           ; work         ;
;       |lpm_shiftreg:LPM_SHIFTREG_component| ; 0 (0)             ; 7 (7)        ; 0           ; 0            ; 0       ; 0         ; 0    ; 0            ; |bloque_maquina_estado|registro7:inst13|lpm_shiftreg:LPM_SHIFTREG_component                                       ; work         ;
;    |registro8:inst14|                       ; 0 (0)             ; 8 (0)        ; 0           ; 0            ; 0       ; 0         ; 0    ; 0            ; |bloque_maquina_estado|registro8:inst14                                                                           ; work         ;
;       |lpm_shiftreg:LPM_SHIFTREG_component| ; 0 (0)             ; 8 (8)        ; 0           ; 0            ; 0       ; 0         ; 0    ; 0            ; |bloque_maquina_estado|registro8:inst14|lpm_shiftreg:LPM_SHIFTREG_component                                       ; work         ;
+---------------------------------------------+-------------------+--------------+-------------+--------------+---------+-----------+------+--------------+-------------------------------------------------------------------------------------------------------------------+--------------+
Note: For table entries with two numbers listed, the numbers in parentheses indicate the number of resources of the given type used by the specific entity alone. The numbers listed outside of parentheses indicate the total resources of the given type used by the specific entity and all of its sub-entities in the hierarchy.


+-----------------------------------------------------------------------------------------------------------------------------------------------------------------------+
; Analysis & Synthesis IP Cores Summary                                                                                                                                 ;
+--------+--------------+---------+--------------+--------------+--------------------------------------------+----------------------------------------------------------+
; Vendor ; IP Core Name ; Version ; Release Date ; License Type ; Entity Instance                            ; IP Include File                                          ;
+--------+--------------+---------+--------------+--------------+--------------------------------------------+----------------------------------------------------------+
; Altera ; LPM_SHIFTREG ; N/A     ; N/A          ; N/A          ; |bloque_maquina_estado|registro7:DIRECCION ; C:/Users/toni/Desktop/Proyectos/Carpeta_F/registro7.vhd  ;
; Altera ; LPM_COUNTER  ; N/A     ; N/A          ; N/A          ; |bloque_maquina_estado|contador7:inst4     ; C:/Users/toni/Desktop/Proyectos/Carpeta_F/contador7.vhd  ;
; Altera ; LPM_COMPARE  ; N/A     ; N/A          ; N/A          ; |bloque_maquina_estado|Comprardor:inst8    ; C:/Users/toni/Desktop/Proyectos/Carpeta_F/comprardor.vhd ;
; Altera ; LPM_COUNTER  ; N/A     ; N/A          ; N/A          ; |bloque_maquina_estado|contador_8:inst12   ; C:/Users/toni/Desktop/Proyectos/Carpeta_F/contador_8.vhd ;
; Altera ; LPM_SHIFTREG ; N/A     ; N/A          ; N/A          ; |bloque_maquina_estado|registro7:inst13    ; C:/Users/toni/Desktop/Proyectos/Carpeta_F/registro7.vhd  ;
; Altera ; LPM_SHIFTREG ; N/A     ; N/A          ; N/A          ; |bloque_maquina_estado|registro8:inst14    ; C:/Users/toni/Desktop/Proyectos/Carpeta_F/registro8.vhd  ;
+--------+--------------+---------+--------------+--------------+--------------------------------------------+----------------------------------------------------------+


Encoding Type:  One-Hot
+----------------------------------------------------------------------------------------------------------+
; State Machine - |bloque_maquina_estado|I2C_maquina_estado:inst|fstate                                    ;
+---------------------+---------------------+-----------+------------+--------------------+----------------+
; Name                ; fstate.guardar_dato ; fstate.AC ; fstate.R_W ; fstate.Guardar_dir ; fstate.Oscioso ;
+---------------------+---------------------+-----------+------------+--------------------+----------------+
; fstate.Oscioso      ; 0                   ; 0         ; 0          ; 0                  ; 0              ;
; fstate.Guardar_dir  ; 0                   ; 0         ; 0          ; 1                  ; 1              ;
; fstate.R_W          ; 0                   ; 0         ; 1          ; 0                  ; 1              ;
; fstate.AC           ; 0                   ; 1         ; 0          ; 0                  ; 1              ;
; fstate.guardar_dato ; 1                   ; 0         ; 0          ; 0                  ; 1              ;
+---------------------+---------------------+-----------+------------+--------------------+----------------+


+------------------------------------------------------+
; General Register Statistics                          ;
+----------------------------------------------+-------+
; Statistic                                    ; Value ;
+----------------------------------------------+-------+
; Total registers                              ; 34    ;
; Number of registers using Synchronous Clear  ; 2     ;
; Number of registers using Synchronous Load   ; 4     ;
; Number of registers using Asynchronous Clear ; 21    ;
; Number of registers using Asynchronous Load  ; 0     ;
; Number of registers using Clock Enable       ; 0     ;
; Number of registers using Preset             ; 0     ;
+----------------------------------------------+-------+


+------------------------------------------------------------------------------------------------+
; Parameter Settings for User Entity Instance: contador7:inst4|lpm_counter:LPM_COUNTER_component ;
+------------------------+-------------+---------------------------------------------------------+
; Parameter Name         ; Value       ; Type                                                    ;
+------------------------+-------------+---------------------------------------------------------+
; AUTO_CARRY_CHAINS      ; ON          ; AUTO_CARRY                                              ;
; IGNORE_CARRY_BUFFERS   ; OFF         ; IGNORE_CARRY                                            ;
; AUTO_CASCADE_CHAINS    ; ON          ; AUTO_CASCADE                                            ;
; IGNORE_CASCADE_BUFFERS ; OFF         ; IGNORE_CASCADE                                          ;
; LPM_WIDTH              ; 3           ; Signed Integer                                          ;
; LPM_DIRECTION          ; UP          ; Untyped                                                 ;
; LPM_MODULUS            ; 0           ; Untyped                                                 ;
; LPM_AVALUE             ; UNUSED      ; Untyped                                                 ;
; LPM_SVALUE             ; UNUSED      ; Untyped                                                 ;
; LPM_PORT_UPDOWN        ; PORT_UNUSED ; Untyped                                                 ;
; DEVICE_FAMILY          ; Cyclone III ; Untyped                                                 ;
; CARRY_CHAIN            ; MANUAL      ; Untyped                                                 ;
; CARRY_CHAIN_LENGTH     ; 48          ; CARRY_CHAIN_LENGTH                                      ;
; NOT_GATE_PUSH_BACK     ; ON          ; NOT_GATE_PUSH_BACK                                      ;
; CARRY_CNT_EN           ; SMART       ; Untyped                                                 ;
; LABWIDE_SCLR           ; ON          ; Untyped                                                 ;
; USE_NEW_VERSION        ; TRUE        ; Untyped                                                 ;
; CBXI_PARAMETER         ; cntr_tki    ; Untyped                                                 ;
+------------------------+-------------+---------------------------------------------------------+
Note: In order to hide this table in the UI and the text report file, please set the "Show Parameter Settings in Synthesis Report" option in "Analysis and Synthesis Settings -> More Settings" to "Off".


+-------------------------------------------------------------------------------------------------+
; Parameter Settings for User Entity Instance: Comprardor:inst8|lpm_compare:LPM_COMPARE_component ;
+------------------------+-------------+----------------------------------------------------------+
; Parameter Name         ; Value       ; Type                                                     ;
+------------------------+-------------+----------------------------------------------------------+
; lpm_width              ; 7           ; Signed Integer                                           ;
; LPM_REPRESENTATION     ; UNSIGNED    ; Untyped                                                  ;
; LPM_PIPELINE           ; 0           ; Untyped                                                  ;
; CHAIN_SIZE             ; 8           ; Untyped                                                  ;
; ONE_INPUT_IS_CONSTANT  ; NO          ; Untyped                                                  ;
; CARRY_CHAIN            ; MANUAL      ; Untyped                                                  ;
; CASCADE_CHAIN          ; MANUAL      ; Untyped                                                  ;
; CARRY_CHAIN_LENGTH     ; 48          ; CARRY_CHAIN_LENGTH                                       ;
; CASCADE_CHAIN_LENGTH   ; 2           ; CASCADE_CHAIN_LENGTH                                     ;
; DEVICE_FAMILY          ; Cyclone III ; Untyped                                                  ;
; CBXI_PARAMETER         ; cmpr_lkg    ; Untyped                                                  ;
; AUTO_CARRY_CHAINS      ; ON          ; AUTO_CARRY                                               ;
; IGNORE_CARRY_BUFFERS   ; OFF         ; IGNORE_CARRY                                             ;
; AUTO_CASCADE_CHAINS    ; ON          ; AUTO_CASCADE                                             ;
; IGNORE_CASCADE_BUFFERS ; OFF         ; IGNORE_CASCADE                                           ;
+------------------------+-------------+----------------------------------------------------------+
Note: In order to hide this table in the UI and the text report file, please set the "Show Parameter Settings in Synthesis Report" option in "Analysis and Synthesis Settings -> More Settings" to "Off".


+---------------------------------------------------------------------------------------------------+
; Parameter Settings for User Entity Instance: registro7:inst13|lpm_shiftreg:LPM_SHIFTREG_component ;
+------------------------+-------------+------------------------------------------------------------+
; Parameter Name         ; Value       ; Type                                                       ;
+------------------------+-------------+------------------------------------------------------------+
; LPM_WIDTH              ; 7           ; Signed Integer                                             ;
; LPM_DIRECTION          ; LEFT        ; Untyped                                                    ;
; LPM_AVALUE             ; UNUSED      ; Untyped                                                    ;
; LPM_SVALUE             ; UNUSED      ; Untyped                                                    ;
; DEVICE_FAMILY          ; Cyclone III ; Untyped                                                    ;
; AUTO_CARRY_CHAINS      ; ON          ; AUTO_CARRY                                                 ;
; IGNORE_CARRY_BUFFERS   ; OFF         ; IGNORE_CARRY                                               ;
; AUTO_CASCADE_CHAINS    ; ON          ; AUTO_CASCADE                                               ;
; IGNORE_CASCADE_BUFFERS ; OFF         ; IGNORE_CASCADE                                             ;
+------------------------+-------------+------------------------------------------------------------+
Note: In order to hide this table in the UI and the text report file, please set the "Show Parameter Settings in Synthesis Report" option in "Analysis and Synthesis Settings -> More Settings" to "Off".


+------------------------------------------------------------------------------------------------------+
; Parameter Settings for User Entity Instance: registro7:DIRECCION|lpm_shiftreg:LPM_SHIFTREG_component ;
+------------------------+-------------+---------------------------------------------------------------+
; Parameter Name         ; Value       ; Type                                                          ;
+------------------------+-------------+---------------------------------------------------------------+
; LPM_WIDTH              ; 7           ; Signed Integer                                                ;
; LPM_DIRECTION          ; LEFT        ; Untyped                                                       ;
; LPM_AVALUE             ; UNUSED      ; Untyped                                                       ;
; LPM_SVALUE             ; UNUSED      ; Untyped                                                       ;
; DEVICE_FAMILY          ; Cyclone III ; Untyped                                                       ;
; AUTO_CARRY_CHAINS      ; ON          ; AUTO_CARRY                                                    ;
; IGNORE_CARRY_BUFFERS   ; OFF         ; IGNORE_CARRY                                                  ;
; AUTO_CASCADE_CHAINS    ; ON          ; AUTO_CASCADE                                                  ;
; IGNORE_CASCADE_BUFFERS ; OFF         ; IGNORE_CASCADE                                                ;
+------------------------+-------------+---------------------------------------------------------------+
Note: In order to hide this table in the UI and the text report file, please set the "Show Parameter Settings in Synthesis Report" option in "Analysis and Synthesis Settings -> More Settings" to "Off".


+--------------------------------------------------------------------------------------------------+
; Parameter Settings for User Entity Instance: contador_8:inst12|lpm_counter:LPM_COUNTER_component ;
+------------------------+-------------+-----------------------------------------------------------+
; Parameter Name         ; Value       ; Type                                                      ;
+------------------------+-------------+-----------------------------------------------------------+
; AUTO_CARRY_CHAINS      ; ON          ; AUTO_CARRY                                                ;
; IGNORE_CARRY_BUFFERS   ; OFF         ; IGNORE_CARRY                                              ;
; AUTO_CASCADE_CHAINS    ; ON          ; AUTO_CASCADE                                              ;
; IGNORE_CASCADE_BUFFERS ; OFF         ; IGNORE_CASCADE                                            ;
; LPM_WIDTH              ; 4           ; Signed Integer                                            ;
; LPM_DIRECTION          ; UP          ; Untyped                                                   ;
; LPM_MODULUS            ; 9           ; Signed Integer                                            ;
; LPM_AVALUE             ; UNUSED      ; Untyped                                                   ;
; LPM_SVALUE             ; UNUSED      ; Untyped                                                   ;
; LPM_PORT_UPDOWN        ; PORT_UNUSED ; Untyped                                                   ;
; DEVICE_FAMILY          ; Cyclone III ; Untyped                                                   ;
; CARRY_CHAIN            ; MANUAL      ; Untyped                                                   ;
; CARRY_CHAIN_LENGTH     ; 48          ; CARRY_CHAIN_LENGTH                                        ;
; NOT_GATE_PUSH_BACK     ; ON          ; NOT_GATE_PUSH_BACK                                        ;
; CARRY_CNT_EN           ; SMART       ; Untyped                                                   ;
; LABWIDE_SCLR           ; ON          ; Untyped                                                   ;
; USE_NEW_VERSION        ; TRUE        ; Untyped                                                   ;
; CBXI_PARAMETER         ; cntr_5vj    ; Untyped                                                   ;
+------------------------+-------------+-----------------------------------------------------------+
Note: In order to hide this table in the UI and the text report file, please set the "Show Parameter Settings in Synthesis Report" option in "Analysis and Synthesis Settings -> More Settings" to "Off".


+---------------------------------------------------------------------------------------------------+
; Parameter Settings for User Entity Instance: registro8:inst14|lpm_shiftreg:LPM_SHIFTREG_component ;
+------------------------+-------------+------------------------------------------------------------+
; Parameter Name         ; Value       ; Type                                                       ;
+------------------------+-------------+------------------------------------------------------------+
; LPM_WIDTH              ; 8           ; Signed Integer                                             ;
; LPM_DIRECTION          ; LEFT        ; Untyped                                                    ;
; LPM_AVALUE             ; UNUSED      ; Untyped                                                    ;
; LPM_SVALUE             ; UNUSED      ; Untyped                                                    ;
; DEVICE_FAMILY          ; Cyclone III ; Untyped                                                    ;
; AUTO_CARRY_CHAINS      ; ON          ; AUTO_CARRY                                                 ;
; IGNORE_CARRY_BUFFERS   ; OFF         ; IGNORE_CARRY                                               ;
; AUTO_CASCADE_CHAINS    ; ON          ; AUTO_CASCADE                                               ;
; IGNORE_CASCADE_BUFFERS ; OFF         ; IGNORE_CASCADE                                             ;
+------------------------+-------------+------------------------------------------------------------+
Note: In order to hide this table in the UI and the text report file, please set the "Show Parameter Settings in Synthesis Report" option in "Analysis and Synthesis Settings -> More Settings" to "Off".


+--------------------------------------------------------------------------------------+
; lpm_shiftreg Parameter Settings by Entity Instance                                   ;
+----------------------------+---------------------------------------------------------+
; Name                       ; Value                                                   ;
+----------------------------+---------------------------------------------------------+
; Number of entity instances ; 3                                                       ;
; Entity Instance            ; registro7:inst13|lpm_shiftreg:LPM_SHIFTREG_component    ;
;     -- LPM_WIDTH           ; 7                                                       ;
;     -- LPM_DIRECTION       ; LEFT                                                    ;
; Entity Instance            ; registro7:DIRECCION|lpm_shiftreg:LPM_SHIFTREG_component ;
;     -- LPM_WIDTH           ; 7                                                       ;
;     -- LPM_DIRECTION       ; LEFT                                                    ;
; Entity Instance            ; registro8:inst14|lpm_shiftreg:LPM_SHIFTREG_component    ;
;     -- LPM_WIDTH           ; 8                                                       ;
;     -- LPM_DIRECTION       ; LEFT                                                    ;
+----------------------------+---------------------------------------------------------+


+-------------------------------+
; Elapsed Time Per Partition    ;
+----------------+--------------+
; Partition Name ; Elapsed Time ;
+----------------+--------------+
; Top            ; 00:00:01     ;
+----------------+--------------+


+-------------------------------+
; Analysis & Synthesis Messages ;
+-------------------------------+
Info: *******************************************************************
Info: Running Quartus II 64-Bit Analysis & Synthesis
    Info: Version 13.0.1 Build 232 06/12/2013 Service Pack 1 SJ Web Edition
    Info: Processing started: Wed Nov 05 20:24:39 2025
Info: Command: quartus_map --read_settings_files=on --write_settings_files=off I2C_maquina_estado -c I2C_maquina_estado
Warning (20028): Parallel compilation is not licensed and has been disabled
Info (12021): Found 2 design units, including 1 entities, in source file i2c.vhd
    Info (12022): Found design unit 1: I2C-bdf_type
    Info (12023): Found entity 1: I2C
Info (12021): Found 1 design units, including 1 entities, in source file bloque_maquina_estado.bdf
    Info (12023): Found entity 1: bloque_maquina_estado
Info (12127): Elaborating entity "bloque_maquina_estado" for the top level hierarchy
Warning (275083): Bus "NC2[3..0]" found using same base name as "NC", which might lead to a name conflict.
Warning (275080): Converted elements in bus name "NC" using legacy naming rules. Make any assignments on the new names, not on the original names.
    Warning (275081): Converted element name(s) from "NC[2..0]" to "NC2..0"
Warning (275080): Converted elements in bus name "NC2" using legacy naming rules. Make any assignments on the new names, not on the original names.
    Warning (275081): Converted element name(s) from "NC2[3..0]" to "NC23..0"
Warning (12125): Using design file i2c_maquina_estado.vhd, which is not specified as a design file for the current project, but contains definitions for 2 design units and 1 entities in project
    Info (12022): Found design unit 1: I2C_maquina_estado-BEHAVIOR
    Info (12023): Found entity 1: I2C_maquina_estado
Info (12128): Elaborating entity "I2C_maquina_estado" for hierarchy "I2C_maquina_estado:inst"
Warning (12125): Using design file contador7.vhd, which is not specified as a design file for the current project, but contains definitions for 2 design units and 1 entities in project
    Info (12022): Found design unit 1: contador7-SYN
    Info (12023): Found entity 1: contador7
Info (12128): Elaborating entity "contador7" for hierarchy "contador7:inst4"
Info (12128): Elaborating entity "lpm_counter" for hierarchy "contador7:inst4|lpm_counter:LPM_COUNTER_component"
Info (12130): Elaborated megafunction instantiation "contador7:inst4|lpm_counter:LPM_COUNTER_component"
Info (12133): Instantiated megafunction "contador7:inst4|lpm_counter:LPM_COUNTER_component" with the following parameter:
    Info (12134): Parameter "lpm_direction" = "UP"
    Info (12134): Parameter "lpm_port_updown" = "PORT_UNUSED"
    Info (12134): Parameter "lpm_type" = "LPM_COUNTER"
    Info (12134): Parameter "lpm_width" = "3"
Info (12021): Found 1 design units, including 1 entities, in source file db/cntr_tki.tdf
    Info (12023): Found entity 1: cntr_tki
Info (12128): Elaborating entity "cntr_tki" for hierarchy "contador7:inst4|lpm_counter:LPM_COUNTER_component|cntr_tki:auto_generated"
Warning (12125): Using design file comprardor.vhd, which is not specified as a design file for the current project, but contains definitions for 2 design units and 1 entities in project
    Info (12022): Found design unit 1: comprardor-SYN
    Info (12023): Found entity 1: Comprardor
Info (12128): Elaborating entity "Comprardor" for hierarchy "Comprardor:inst8"
Info (12128): Elaborating entity "lpm_compare" for hierarchy "Comprardor:inst8|lpm_compare:LPM_COMPARE_component"
Info (12130): Elaborated megafunction instantiation "Comprardor:inst8|lpm_compare:LPM_COMPARE_component"
Info (12133): Instantiated megafunction "Comprardor:inst8|lpm_compare:LPM_COMPARE_component" with the following parameter:
    Info (12134): Parameter "lpm_representation" = "UNSIGNED"
    Info (12134): Parameter "lpm_type" = "LPM_COMPARE"
    Info (12134): Parameter "lpm_width" = "7"
Info (12021): Found 1 design units, including 1 entities, in source file db/cmpr_lkg.tdf
    Info (12023): Found entity 1: cmpr_lkg
Info (12128): Elaborating entity "cmpr_lkg" for hierarchy "Comprardor:inst8|lpm_compare:LPM_COMPARE_component|cmpr_lkg:auto_generated"
Warning (12125): Using design file registro7.vhd, which is not specified as a design file for the current project, but contains definitions for 2 design units and 1 entities in project
    Info (12022): Found design unit 1: registro7-SYN
    Info (12023): Found entity 1: registro7
Info (12128): Elaborating entity "registro7" for hierarchy "registro7:inst13"
Info (12128): Elaborating entity "lpm_shiftreg" for hierarchy "registro7:inst13|lpm_shiftreg:LPM_SHIFTREG_component"
Info (12130): Elaborated megafunction instantiation "registro7:inst13|lpm_shiftreg:LPM_SHIFTREG_component"
Info (12133): Instantiated megafunction "registro7:inst13|lpm_shiftreg:LPM_SHIFTREG_component" with the following parameter:
    Info (12134): Parameter "lpm_direction" = "LEFT"
    Info (12134): Parameter "lpm_type" = "LPM_SHIFTREG"
    Info (12134): Parameter "lpm_width" = "7"
Warning (12125): Using design file contador_8.vhd, which is not specified as a design file for the current project, but contains definitions for 2 design units and 1 entities in project
    Info (12022): Found design unit 1: contador_8-SYN
    Info (12023): Found entity 1: contador_8
Info (12128): Elaborating entity "contador_8" for hierarchy "contador_8:inst12"
Info (12128): Elaborating entity "lpm_counter" for hierarchy "contador_8:inst12|lpm_counter:LPM_COUNTER_component"
Info (12130): Elaborated megafunction instantiation "contador_8:inst12|lpm_counter:LPM_COUNTER_component"
Info (12133): Instantiated megafunction "contador_8:inst12|lpm_counter:LPM_COUNTER_component" with the following parameter:
    Info (12134): Parameter "lpm_direction" = "UP"
    Info (12134): Parameter "lpm_modulus" = "9"
    Info (12134): Parameter "lpm_port_updown" = "PORT_UNUSED"
    Info (12134): Parameter "lpm_type" = "LPM_COUNTER"
    Info (12134): Parameter "lpm_width" = "4"
Info (12021): Found 1 design units, including 1 entities, in source file db/cntr_5vj.tdf
    Info (12023): Found entity 1: cntr_5vj
Info (12128): Elaborating entity "cntr_5vj" for hierarchy "contador_8:inst12|lpm_counter:LPM_COUNTER_component|cntr_5vj:auto_generated"
Info (12021): Found 1 design units, including 1 entities, in source file db/cmpr_hfc.tdf
    Info (12023): Found entity 1: cmpr_hfc
Info (12128): Elaborating entity "cmpr_hfc" for hierarchy "contador_8:inst12|lpm_counter:LPM_COUNTER_component|cntr_5vj:auto_generated|cmpr_hfc:cmpr1"
Warning (12125): Using design file registro8.vhd, which is not specified as a design file for the current project, but contains definitions for 2 design units and 1 entities in project
    Info (12022): Found design unit 1: registro8-SYN
    Info (12023): Found entity 1: registro8
Info (12128): Elaborating entity "registro8" for hierarchy "registro8:inst14"
Info (12128): Elaborating entity "lpm_shiftreg" for hierarchy "registro8:inst14|lpm_shiftreg:LPM_SHIFTREG_component"
Info (12130): Elaborated megafunction instantiation "registro8:inst14|lpm_shiftreg:LPM_SHIFTREG_component"
Info (12133): Instantiated megafunction "registro8:inst14|lpm_shiftreg:LPM_SHIFTREG_component" with the following parameter:
    Info (12134): Parameter "lpm_direction" = "LEFT"
    Info (12134): Parameter "lpm_type" = "LPM_SHIFTREG"
    Info (12134): Parameter "lpm_width" = "8"
Info (286030): Timing-Driven Synthesis is running
Info (16010): Generating hard_block partition "hard_block:auto_generated_inst"
    Info (16011): Adding 0 node(s), including 0 DDIO, 0 PLL, 0 transceiver and 0 LCELL
Info (21057): Implemented 78 device resources after synthesis - the final resource count might be different
    Info (21058): Implemented 5 input pins
    Info (21059): Implemented 22 output pins
    Info (21060): Implemented 1 bidirectional pins
    Info (21061): Implemented 50 logic cells
Info: Quartus II 64-Bit Analysis & Synthesis was successful. 0 errors, 12 warnings
    Info: Peak virtual memory: 4630 megabytes
    Info: Processing ended: Wed Nov 05 20:24:43 2025
    Info: Elapsed time: 00:00:04
    Info: Total CPU time (on all processors): 00:00:05


