------------------------------------------------------------
TimeQuest Timing Analyzer Summary
------------------------------------------------------------

Type  : Slow 1200mV 85C Model Setup 'SCL'
Slack : -5.639
TNS   : -32.251

Type  : Slow 1200mV 85C Model Setup 'Clock_registro'
Slack : -0.066
TNS   : -0.066

Type  : Slow 1200mV 85C Model Hold 'SCL'
Slack : 0.159
TNS   : 0.000

Type  : Slow 1200mV 85C Model Hold 'Clock_registro'
Slack : 0.435
TNS   : 0.000

Type  : Slow 1200mV 85C Model Minimum Pulse Width 'SCL'
Slack : -3.000
TNS   : -37.695

Type  : Slow 1200mV 85C Model Minimum Pulse Width 'Clock_registro'
Slack : -3.000
TNS   : -11.995

Type  : Slow 1200mV 0C Model Setup 'SCL'
Slack : -4.988
TNS   : -27.457

Type  : Slow 1200mV 0C Model Setup 'Clock_registro'
Slack : 0.029
TNS   : 0.000

Type  : Slow 1200mV 0C Model Hold 'SCL'
Slack : 0.119
TNS   : 0.000

Type  : Slow 1200mV 0C Model Hold 'Clock_registro'
Slack : 0.401
TNS   : 0.000

Type  : Slow 1200mV 0C Model Minimum Pulse Width 'SCL'
Slack : -3.000
TNS   : -37.695

Type  : Slow 1200mV 0C Model Minimum Pulse Width 'Clock_registro'
Slack : -3.000
TNS   : -11.995

Type  : Fast 1200mV 0C Model Setup 'SCL'
Slack : -2.405
TNS   : -10.359

Type  : Fast 1200mV 0C Model Setup 'Clock_registro'
Slack : 0.498
TNS   : 0.000

Type  : Fast 1200mV 0C Model Hold 'SCL'
Slack : -0.045
TNS   : -0.045

Type  : Fast 1200mV 0C Model Hold 'Clock_registro'
Slack : 0.191
TNS   : 0.000

Type  : Fast 1200mV 0C Model Minimum Pulse Width 'SCL'
Slack : -3.000
TNS   : -30.171

Type  : Fast 1200mV 0C Model Minimum Pulse Width 'Clock_registro'
Slack : -3.000
TNS   : -10.406

------------------------------------------------------------
